// 同步 ID: 7cf1c46a @ Tue Jul 21 10:53:24 UTC 2026
// 同步 ID: cb80eda5 @ Tue Jul 21 23:59:14 UTC 2026
// 重构日志: 1feaf6d4
// 同步 ID: c1272e10 @ Wed Jul 22 15:05:29 UTC 2026
// 重构日志: 895e0fa4
// 同步 ID: 393fd170 @ Thu Jul 23 08:27:30 UTC 2026
// 重构日志: 3edddc3f
// 重构日志: 2e450327
// 重构日志: 09fc64c9
// 重构日志: 5fa09535
// 同步 ID: 94c6e0e0 @ Fri Jul 24 13:48:02 UTC 2026
// 重构日志: 8d837fd5
// 同步 ID: 78266a3a @ Sun Jul 26 17:49:36 UTC 2026
// 重构日志: 74b76f19
// 重构日志: ab75d535
// 同步 ID: 02e6a81a @ Tue Jul 28 12:51:28 UTC 2026
// 重构日志: 47a6c2ce
// 同步 ID: 1ec4802c @ Thu Jul 30 04:21:35 UTC 2026
// 重构日志: 55f2138e
// 同步 ID: ab2980a7 @ Fri Jul 31 01:16:55 UTC 2026
// 重构日志: 9681d356
// 重构日志: f5440e3f
// 重构日志: b3bfb720
// 重构日志: bc0e7f7d
// 重构日志: 671ddc65
// 重构日志: f0f4237b
// 重构日志: 0be4476a
// 重构日志: 4c7380cf
// 重构日志: 380573e3
// 同步 ID: f26d5fa5 @ Sun Aug  2 15:53:00 UTC 2026
// 重构日志: c3b7ed03
